Flow report for Sonicboard
Sat Jul 20 14:31:34 2024
Quartus II 64-Bit Version 13.1.0 Build 162 10/23/2013 SJ Web Edition


---------------------
; Table of Contents ;
---------------------
  1. Legal Notice
  2. Flow Summary
  3. Flow Settings
  4. Flow Non-Default Global Settings
  5. Flow Elapsed Time
  6. Flow OS Summary
  7. Flow Log
  8. Flow Messages
  9. Flow Suppressed Messages



----------------
; Legal Notice ;
----------------
Copyright (C) 1991-2013 Altera Corporation
Your use of Altera Corporation's design tools, logic functions 
and other software and tools, and its AMPP partner logic 
functions, and any output files from any of the foregoing 
(including device programming or simulation files), and any 
associated documentation or information are expressly subject 
to the terms and conditions of the Altera Program License 
Subscription Agreement, Altera MegaCore Function License 
Agreement, or other applicable license agreement, including, 
without limitation, that your use is for the sole purpose of 
programming logic devices manufactured by Altera and sold by 
Altera or its authorized distributors.  Please refer to the 
applicable agreement for further details.



+---------------------------------------------------------------------------------+
; Flow Summary                                                                    ;
+------------------------------------+--------------------------------------------+
; Flow Status                        ; Successful - Sat Jul 20 14:31:34 2024      ;
; Quartus II 64-Bit Version          ; 13.1.0 Build 162 10/23/2013 SJ Web Edition ;
; Revision Name                      ; Sonicboard                                 ;
; Top-level Entity Name              ; Schematic                                  ;
; Family                             ; Cyclone IV E                               ;
; Device                             ; EP4CE6E22C8                                ;
; Timing Models                      ; Final                                      ;
; Total logic elements               ; 13 / 6,272 ( < 1 % )                       ;
;     Total combinational functions  ; 13 / 6,272 ( < 1 % )                       ;
;     Dedicated logic registers      ; 12 / 6,272 ( < 1 % )                       ;
; Total registers                    ; 12                                         ;
; Total pins                         ; 4 / 92 ( 4 % )                             ;
; Total virtual pins                 ; 0                                          ;
; Total memory bits                  ; 0 / 276,480 ( 0 % )                        ;
; Embedded Multiplier 9-bit elements ; 0 / 30 ( 0 % )                             ;
; Total PLLs                         ; 1 / 2 ( 50 % )                             ;
+------------------------------------+--------------------------------------------+


+-----------------------------------------+
; Flow Settings                           ;
+-------------------+---------------------+
; Option            ; Setting             ;
+-------------------+---------------------+
; Start date & time ; 07/20/2024 14:31:24 ;
; Main task         ; Compilation         ;
; Revision Name     ; Sonicboard          ;
+-------------------+---------------------+


+----------------------------------------------------------------------------------------------------------------------------------+
; Flow Non-Default Global Settings                                                                                                 ;
+-------------------------------------+---------------------------------------+---------------+-------------+----------------------+
; Assignment Name                     ; Value                                 ; Default Value ; Entity Name ; Section Id           ;
+-------------------------------------+---------------------------------------+---------------+-------------+----------------------+
; COMPILER_SIGNATURE_ID               ; 251776441535789.172145348410040       ; --            ; --          ; --                   ;
; EDA_DESIGN_ENTRY_SYNTHESIS_TOOL     ; Custom                                ; <None>        ; --          ; --                   ;
; EDA_INPUT_DATA_FORMAT               ; Vhdl                                  ; --            ; --          ; eda_design_synthesis ;
; EDA_OUTPUT_DATA_FORMAT              ; Vhdl                                  ; --            ; --          ; eda_simulation       ;
; EDA_SIMULATION_TOOL                 ; ModelSim-Altera (VHDL)                ; <None>        ; --          ; --                   ;
; IP_TOOL_NAME                        ; ALTPLL                                ; --            ; --          ; --                   ;
; IP_TOOL_VERSION                     ; 13.1                                  ; --            ; --          ; --                   ;
; MAX_CORE_JUNCTION_TEMP              ; 85                                    ; --            ; --          ; --                   ;
; MIN_CORE_JUNCTION_TEMP              ; 0                                     ; --            ; --          ; --                   ;
; MISC_FILE                           ; Masterclock.bsf                       ; --            ; --          ; --                   ;
; MISC_FILE                           ; Masterclock.cmp                       ; --            ; --          ; --                   ;
; MISC_FILE                           ; Masterclock.ppf                       ; --            ; --          ; --                   ;
; NOMINAL_CORE_SUPPLY_VOLTAGE         ; 1.2V                                  ; --            ; --          ; --                   ;
; PARTITION_COLOR                     ; 16764057                              ; --            ; Schematic   ; Top                  ;
; PARTITION_FITTER_PRESERVATION_LEVEL ; PLACEMENT_AND_ROUTING                 ; --            ; Schematic   ; Top                  ;
; PARTITION_NETLIST_TYPE              ; SOURCE                                ; --            ; Schematic   ; Top                  ;
; POWER_BOARD_THERMAL_MODEL           ; None (CONSERVATIVE)                   ; --            ; --          ; --                   ;
; POWER_PRESET_COOLING_SOLUTION       ; 23 MM HEAT SINK WITH 200 LFPM AIRFLOW ; --            ; --          ; --                   ;
; PROJECT_OUTPUT_DIRECTORY            ; output_files                          ; --            ; --          ; --                   ;
; TOP_LEVEL_ENTITY                    ; Schematic                             ; Sonicboard    ; --          ; --                   ;
+-------------------------------------+---------------------------------------+---------------+-------------+----------------------+


+-------------------------------------------------------------------------------------------------------------------------------+
; Flow Elapsed Time                                                                                                             ;
+---------------------------+--------------+-------------------------+---------------------+------------------------------------+
; Module Name               ; Elapsed Time ; Average Processors Used ; Peak Virtual Memory ; Total CPU Time (on all processors) ;
+---------------------------+--------------+-------------------------+---------------------+------------------------------------+
; Analysis & Synthesis      ; 00:00:02     ; 1.0                     ; 4698 MB             ; 00:00:01                           ;
; Fitter                    ; 00:00:02     ; 1.0                     ; 5742 MB             ; 00:00:01                           ;
; Assembler                 ; 00:00:00     ; 1.0                     ; 4586 MB             ; 00:00:01                           ;
; TimeQuest Timing Analyzer ; 00:00:02     ; 1.0                     ; 4749 MB             ; 00:00:01                           ;
; EDA Netlist Writer        ; 00:00:00     ; 1.0                     ; 4556 MB             ; 00:00:00                           ;
; Total                     ; 00:00:06     ; --                      ; --                  ; 00:00:04                           ;
+---------------------------+--------------+-------------------------+---------------------+------------------------------------+


+----------------------------------------------------------------------------------------+
; Flow OS Summary                                                                        ;
+---------------------------+------------------+-----------+------------+----------------+
; Module Name               ; Machine Hostname ; OS Name   ; OS Version ; Processor type ;
+---------------------------+------------------+-----------+------------+----------------+
; Analysis & Synthesis      ; DESKTOP-75AKHF3  ; Windows 7 ; 6.2        ; x86_64         ;
; Fitter                    ; DESKTOP-75AKHF3  ; Windows 7 ; 6.2        ; x86_64         ;
; Assembler                 ; DESKTOP-75AKHF3  ; Windows 7 ; 6.2        ; x86_64         ;
; TimeQuest Timing Analyzer ; DESKTOP-75AKHF3  ; Windows 7 ; 6.2        ; x86_64         ;
; EDA Netlist Writer        ; DESKTOP-75AKHF3  ; Windows 7 ; 6.2        ; x86_64         ;
+---------------------------+------------------+-----------+------------+----------------+


------------
; Flow Log ;
------------
quartus_map --read_settings_files=on --write_settings_files=off Sonicboard -c Sonicboard
quartus_fit --read_settings_files=off --write_settings_files=off Sonicboard -c Sonicboard
quartus_asm --read_settings_files=off --write_settings_files=off Sonicboard -c Sonicboard
quartus_sta Sonicboard -c Sonicboard
quartus_eda --read_settings_files=off --write_settings_files=off Sonicboard -c Sonicboard



